[
["Software Developer", "As a Software Developor, you would use programming skills to design, develop, and deploy computer applications"],
["Software Dev", "As a Software Developor, you would use programming skills to design, develop, and deploy computer applications"],
["Software", "As a Software Developor, you would use programming skills to design, develop, and deploy computer applications"],
["InfoSec", "As a Cybersecurity specialist, you are responsibly for keeping data and networks secure from malicious attackers"],
["Information Security", "As a Cybersecurity specialist, you are responsibly for keeping data and networks secure from malicious attackers"],
["cybersecurity", "As a Cybersecurity specialist, you are responsibly for keeping data and networks secure from malicious attackers"],
["cyber security", "As a Cybersecurity specialist, you are responsibly for keeping data and networks secure from malicious attackers"],
["coding", "As a Cybersecurity specialist, you are responsibly for keeping data and networks secure from malicious attackers"],
["Machine Learning", "As a Machine Learning specialist, you will use algothrims to train computer models through datasets"],
["ML", "As a Machine Learning specialist, you will use algothrims to train computer models through datasets"],
["web", "As a web developer, you would design and deploy responsive web applications that adheres to UI\/UX principles"],
["web dev", "As a web developer, you would design and deploy responsive web applications that adheres to UI\/UX principles"],
["web developer", "As a web developer, you would design and deploy responsive web applications that adheres to UI\/UX principles"],
["web designer", "As a web developer, you would design and deploy responsive web applications that adheres to UI\/UX principles"],
["Game Developer", "As a Game Developer, you would be working in a field that encompasses a variety of digital media displines to produce an interactive experience"],
["Game Dev", "As a Game Developer, you would be working in a field that encompasses a variety of digital media displines to produce an interactive experience"],
["Game Designer", "As a Game Developer, you would be working in a field that encompasses a variety of digital media displines to produce an interactive experience"]
]
